2025-12-23T22:16:26.390Z - Looking for user iban.marlats@gmail.com...
2025-12-23T22:16:26.410Z - DB Error: {"errno":1,"code":"SQLITE_ERROR","__augmented":true}
2025-12-23T22:18:38.735Z - Looking for user iban.marlats@gmail.com...
2025-12-23T22:18:38.748Z - DB Error: SQLITE_ERROR: no such column: email
2025-12-23T22:19:46.832Z - Looking for user iban.marlats@gmail.com...
2025-12-23T22:19:46.845Z - DB Error: SQLITE_ERROR: no such column: email
2025-12-23T22:20:19.177Z - Looking for user iban.marlats@gmail.com...
2025-12-23T22:20:19.193Z - Found user e44fc389-2f25-417c-9e4c-46ca9deb4bea. Generating recap for 12/2025...
2025-12-23T22:20:20.339Z - Recap generated successfully! ID: 745beb25-6d57-4e5f-9d1c-88d3c04ec3d4
